Archive member included because of file (symbol)

d:/silabs/developer/toolchains/gnu_arm/4.8_2013q4/bin/../lib/gcc/arm-none-eabi/4.8.3/armv7-m\libgcc.a(_arm_addsubdf3.o)
                              ./src/playGame.o (__aeabi_dsub)
d:/silabs/developer/toolchains/gnu_arm/4.8_2013q4/bin/../lib/gcc/arm-none-eabi/4.8.3/armv7-m\libgcc.a(_arm_muldivdf3.o)
                              ./src/playGame.o (__aeabi_dmul)
d:/silabs/developer/toolchains/gnu_arm/4.8_2013q4/bin/../lib/gcc/arm-none-eabi/4.8.3/armv7-m\libgcc.a(_arm_fixdfsi.o)
                              ./src/playGame.o (__aeabi_d2iz)
d:/silabs/developer/toolchains/gnu_arm/4.8_2013q4/bin/../lib/gcc/arm-none-eabi/4.8.3/armv7-m\libgcc.a(_arm_addsubsf3.o)
                              ./Drivers/vddcheck.o (__aeabi_fsub)
d:/silabs/developer/toolchains/gnu_arm/4.8_2013q4/bin/../lib/gcc/arm-none-eabi/4.8.3/armv7-m\libgcc.a(_arm_muldivsf3.o)
                              ./Drivers/vddcheck.o (__aeabi_fdiv)
d:/silabs/developer/toolchains/gnu_arm/4.8_2013q4/bin/../lib/gcc/arm-none-eabi/4.8.3/armv7-m\libgcc.a(_arm_fixunssfsi.o)
                              ./Drivers/vddcheck.o (__aeabi_f2uiz)
d:/silabs/developer/toolchains/gnu_arm/4.8_2013q4/bin/../lib/gcc/arm-none-eabi/4.8.3/armv7-m\libgcc.a(_aeabi_uldivmod.o)
                              ./emlib/em_usart.o (__aeabi_uldivmod)
d:/silabs/developer/toolchains/gnu_arm/4.8_2013q4/bin/../lib/gcc/arm-none-eabi/4.8.3/armv7-m\libgcc.a(bpabi.o)
                              d:/silabs/developer/toolchains/gnu_arm/4.8_2013q4/bin/../lib/gcc/arm-none-eabi/4.8.3/armv7-m\libgcc.a(_aeabi_uldivmod.o) (__gnu_uldivmod_helper)
d:/silabs/developer/toolchains/gnu_arm/4.8_2013q4/bin/../lib/gcc/arm-none-eabi/4.8.3/armv7-m\libgcc.a(_dvmd_tls.o)
                              d:/silabs/developer/toolchains/gnu_arm/4.8_2013q4/bin/../lib/gcc/arm-none-eabi/4.8.3/armv7-m\libgcc.a(_aeabi_uldivmod.o) (__aeabi_ldiv0)
d:/silabs/developer/toolchains/gnu_arm/4.8_2013q4/bin/../lib/gcc/arm-none-eabi/4.8.3/armv7-m\libgcc.a(_divdi3.o)
                              d:/silabs/developer/toolchains/gnu_arm/4.8_2013q4/bin/../lib/gcc/arm-none-eabi/4.8.3/armv7-m\libgcc.a(bpabi.o) (__divdi3)
d:/silabs/developer/toolchains/gnu_arm/4.8_2013q4/bin/../lib/gcc/arm-none-eabi/4.8.3/armv7-m\libgcc.a(_udivdi3.o)
                              d:/silabs/developer/toolchains/gnu_arm/4.8_2013q4/bin/../lib/gcc/arm-none-eabi/4.8.3/armv7-m\libgcc.a(bpabi.o) (__udivdi3)
d:/silabs/developer/toolchains/gnu_arm/4.8_2013q4/bin/../lib/gcc/arm-none-eabi/4.8.3/../../../../arm-none-eabi/lib/armv7-m\libc_s.a(lib_a-abs.o)
                              ./Drivers/segmentlcd.o (abs)
d:/silabs/developer/toolchains/gnu_arm/4.8_2013q4/bin/../lib/gcc/arm-none-eabi/4.8.3/../../../../arm-none-eabi/lib/armv7-m\libc_s.a(lib_a-exit.o)
                              d:/silabs/developer/toolchains/gnu_arm/4.8_2013q4/bin/../lib/gcc/arm-none-eabi/4.8.3/../../../../arm-none-eabi/lib/armv7-m/crt0.o (exit)
d:/silabs/developer/toolchains/gnu_arm/4.8_2013q4/bin/../lib/gcc/arm-none-eabi/4.8.3/../../../../arm-none-eabi/lib/armv7-m\libc_s.a(lib_a-impure.o)
                              d:/silabs/developer/toolchains/gnu_arm/4.8_2013q4/bin/../lib/gcc/arm-none-eabi/4.8.3/../../../../arm-none-eabi/lib/armv7-m\libc_s.a(lib_a-exit.o) (_global_impure_ptr)
d:/silabs/developer/toolchains/gnu_arm/4.8_2013q4/bin/../lib/gcc/arm-none-eabi/4.8.3/../../../../arm-none-eabi/lib/armv7-m\libc_s.a(lib_a-init.o)
                              d:/silabs/developer/toolchains/gnu_arm/4.8_2013q4/bin/../lib/gcc/arm-none-eabi/4.8.3/../../../../arm-none-eabi/lib/armv7-m/crt0.o (__libc_init_array)
d:/silabs/developer/toolchains/gnu_arm/4.8_2013q4/bin/../lib/gcc/arm-none-eabi/4.8.3/../../../../arm-none-eabi/lib/armv7-m\libc_s.a(lib_a-memcpy-stub.o)
                              ./BSP/bsp_stk.o (memcpy)
d:/silabs/developer/toolchains/gnu_arm/4.8_2013q4/bin/../lib/gcc/arm-none-eabi/4.8.3/../../../../arm-none-eabi/lib/armv7-m\libc_s.a(lib_a-memset.o)
                              d:/silabs/developer/toolchains/gnu_arm/4.8_2013q4/bin/../lib/gcc/arm-none-eabi/4.8.3/../../../../arm-none-eabi/lib/armv7-m/crt0.o (memset)
d:/silabs/developer/toolchains/gnu_arm/4.8_2013q4/bin/../lib/gcc/arm-none-eabi/4.8.3/../../../../arm-none-eabi/lib/armv7-m\libc_s.a(lib_a-strlen.o)
                              ./Drivers/segmentlcd.o (strlen)
d:/silabs/developer/toolchains/gnu_arm/4.8_2013q4/bin/../lib/gcc/arm-none-eabi/4.8.3/../../../../arm-none-eabi/lib/armv7-m\libnosys.a(_exit.o)
                              d:/silabs/developer/toolchains/gnu_arm/4.8_2013q4/bin/../lib/gcc/arm-none-eabi/4.8.3/../../../../arm-none-eabi/lib/armv7-m\libc_s.a(lib_a-exit.o) (_exit)

Allocating common symbols
Common symbol       size              file

SystemCoreClock     0x4               ./CMSIS/efm32gg/system_efm32gg.o
bit                 0x4               ./src/random.o
msTicks             0x4               ./src/getDifficulty.o

Discarded input sections

[...]
Memory Configuration

Name             Origin             Length             Attributes
FLASH            0x00000000         0x00100000         xr
RAM              0x20000000         0x00020000         xrw
*default*        0x00000000         0xffffffff

Linker script and memory map

LOAD d:/silabs/developer/toolchains/gnu_arm/4.8_2013q4/bin/../lib/gcc/arm-none-eabi/4.8.3/armv7-m/crti.o
LOAD d:/silabs/developer/toolchains/gnu_arm/4.8_2013q4/bin/../lib/gcc/arm-none-eabi/4.8.3/armv7-m/crtbegin.o
LOAD d:/silabs/developer/toolchains/gnu_arm/4.8_2013q4/bin/../lib/gcc/arm-none-eabi/4.8.3/../../../../arm-none-eabi/lib/armv7-m/crt0.o
LOAD ./src/InitDevice.o
LOAD ./src/drawTools.o
LOAD ./src/getDifficulty.o
LOAD ./src/getPos.o
LOAD ./src/main.o
LOAD ./src/playGame.o
LOAD ./src/random.o
LOAD ./emlib/em_acmp.o
LOAD ./emlib/em_assert.o
LOAD ./emlib/em_cmu.o
LOAD ./emlib/em_ebi.o
LOAD ./emlib/em_emu.o
LOAD ./emlib/em_gpio.o
LOAD ./emlib/em_int.o
LOAD ./emlib/em_lcd.o
LOAD ./emlib/em_lesense.o
LOAD ./emlib/em_rtc.o
LOAD ./emlib/em_system.o
LOAD ./emlib/em_usart.o
LOAD ./emlib/em_vcmp.o
LOAD ./Drivers/caplesense.o
LOAD ./Drivers/gpiointerrupt.o
LOAD ./Drivers/rtcdriver.o
LOAD ./Drivers/segmentlcd.o
LOAD ./Drivers/vddcheck.o
LOAD ./CMSIS/efm32gg/startup_gcc_efm32gg.o
LOAD ./CMSIS/efm32gg/system_efm32gg.o
LOAD ./BSP/bsp_bcc.o
LOAD ./BSP/bsp_stk.o
LOAD ./BSP/bsp_stk_leds.o
LOAD ./BSP/bsp_trace.o
START GROUP
LOAD d:/silabs/developer/toolchains/gnu_arm/4.8_2013q4/bin/../lib/gcc/arm-none-eabi/4.8.3/armv7-m\libgcc.a
LOAD d:/silabs/developer/toolchains/gnu_arm/4.8_2013q4/bin/../lib/gcc/arm-none-eabi/4.8.3/../../../../arm-none-eabi/lib/armv7-m\libc_s.a
LOAD d:/silabs/developer/toolchains/gnu_arm/4.8_2013q4/bin/../lib/gcc/arm-none-eabi/4.8.3/../../../../arm-none-eabi/lib/armv7-m\libnosys.a
END GROUP
START GROUP
LOAD d:/silabs/developer/toolchains/gnu_arm/4.8_2013q4/bin/../lib/gcc/arm-none-eabi/4.8.3/armv7-m\libgcc.a
LOAD d:/silabs/developer/toolchains/gnu_arm/4.8_2013q4/bin/../lib/gcc/arm-none-eabi/4.8.3/../../../../arm-none-eabi/lib/armv7-m\libg_s.a
LOAD d:/silabs/developer/toolchains/gnu_arm/4.8_2013q4/bin/../lib/gcc/arm-none-eabi/4.8.3/../../../../arm-none-eabi/lib/armv7-m\libc_s.a
END GROUP
START GROUP
LOAD d:/silabs/developer/toolchains/gnu_arm/4.8_2013q4/bin/../lib/gcc/arm-none-eabi/4.8.3/armv7-m\libgcc.a
LOAD d:/silabs/developer/toolchains/gnu_arm/4.8_2013q4/bin/../lib/gcc/arm-none-eabi/4.8.3/../../../../arm-none-eabi/lib/armv7-m\libc_s.a
END GROUP
LOAD d:/silabs/developer/toolchains/gnu_arm/4.8_2013q4/bin/../lib/gcc/arm-none-eabi/4.8.3/armv7-m/crtend.o
LOAD d:/silabs/developer/toolchains/gnu_arm/4.8_2013q4/bin/../lib/gcc/arm-none-eabi/4.8.3/armv7-m/crtn.o

.text           0x00000000     0x5440
 *(.vectors)
 .vectors       0x00000000       0xdc ./CMSIS/efm32gg/startup_gcc_efm32gg.o
                0x00000000                __Vectors
                0x000000dc                __Vectors_End = .
                0x000000dc                __Vectors_Size = (__Vectors_End - __Vectors)
                0x000000dc                __end__ = .
 *(.text*)
 .text          0x000000dc       0x54 d:/silabs/developer/toolchains/gnu_arm/4.8_2013q4/bin/../lib/gcc/arm-none-eabi/4.8.3/armv7-m/crtbegin.o
 .text          0x00000130       0x74 d:/silabs/developer/toolchains/gnu_arm/4.8_2013q4/bin/../lib/gcc/arm-none-eabi/4.8.3/../../../../arm-none-eabi/lib/armv7-m/crt0.o
                0x00000130                _start
                0x00000130                _mainCRTStartup
 .text.capSenseAringUpdate
                0x000001a4       0x60 ./src/drawTools.o
                0x000001a4                capSenseAringUpdate
 .text.fallingBanana
                0x00000204       0xc0 ./src/drawTools.o
                0x00000204                fallingBanana
 .text.drawBasket
                0x000002c4       0xd4 ./src/drawTools.o
                0x000002c4                drawBasket
 .text.clearSegment
                0x00000398       0x34 ./src/drawTools.o
                0x00000398                clearSegment
 .text.modifydiff
                0x000003cc       0x6c ./src/getDifficulty.o
                0x000003cc                modifydiff
 .text.initgetdiff
                0x00000438       0x1c ./src/getDifficulty.o
                0x00000438                initgetdiff
 .text.modifyPos
                0x00000454       0x58 ./src/getPos.o
                0x00000454                modifyPos
 .text.initgetPos
                0x000004ac       0x14 ./src/getPos.o
                0x000004ac                initgetPos
 .text.NVIC_EnableIRQ
                0x000004c0       0x30 ./src/main.o
 .text.NVIC_ClearPendingIRQ
                0x000004f0       0x34 ./src/main.o
 .text.SystemCoreClockUpdate
                0x00000524        0xc ./src/main.o
 .text.GPIO_IntConfig
                0x00000530       0x2c ./src/main.o
 .text.CHIP_Init
                0x0000055c       0x40 ./src/main.o
 .text.gpioCallback
                0x0000059c       0x34 ./src/main.o
                0x0000059c                gpioCallback
 .text.gpioSetup
                0x000005d0       0x80 ./src/main.o
                0x000005d0                gpioSetup
 .text.main     0x00000650       0x64 ./src/main.o
                0x00000650                main
 .text.delay    0x000006b4       0x28 ./src/playGame.o
                0x000006b4                delay
 .text.game     0x000006dc      0x188 ./src/playGame.o
                0x000006dc                game
 .text.genRandSegment
                0x00000864       0x68 ./src/random.o
                0x00000864                genRandSegment
 .text.BUS_RegBitWrite
                0x000008cc       0x2c ./emlib/em_acmp.o
 .text.BUS_RegMaskedWrite
                0x000008f8       0x28 ./emlib/em_acmp.o
 .text.ACMP_CapsenseInit
                0x00000920       0x8c ./emlib/em_acmp.o
                0x00000920                ACMP_CapsenseInit
 .text.ACMP_GPIOSetup
                0x000009ac       0x4c ./emlib/em_acmp.o
                0x000009ac                ACMP_GPIOSetup
 .text.BUS_RegBitWrite
                0x000009f8       0x2c ./emlib/em_cmu.o
 .text.BUS_RegBitRead
                0x00000a24       0x2c ./emlib/em_cmu.o
 .text.CMU_DivToLog2
                0x00000a50       0x34 ./emlib/em_cmu.o
 .text.SYSTEM_GetProdRev
                0x00000a84       0x1c ./emlib/em_cmu.o
 .text.SYSTEM_GetFamily
                0x00000aa0       0x20 ./emlib/em_cmu.o
 .text.maxFreqHfle
                0x00000ac0       0x78 ./emlib/em_cmu.o
 .text.setHfLeConfig
                0x00000b38       0x3c ./emlib/em_cmu.o
 .text.getHfLeConfig
                0x00000b74       0x2c ./emlib/em_cmu.o
 .text.auxClkGet
                0x00000ba0       0xb0 ./emlib/em_cmu.o
 .text.dbgClkGet
                0x00000c50       0x40 ./emlib/em_cmu.o
 .text.flashWaitStateControl
                0x00000c90       0xb8 ./emlib/em_cmu.o
 .text.flashWaitStateMax
                0x00000d48       0x14 ./emlib/em_cmu.o
 .text.lfClkGet
                0x00000d5c       0xec ./emlib/em_cmu.o
 .text.syncReg  0x00000e48       0x34 ./emlib/em_cmu.o
 .text.usbCClkGet
                0x00000e7c       0x4c ./emlib/em_cmu.o
 .text.CMU_ClockDivSet
                0x00000ec8      0x230 ./emlib/em_cmu.o
                0x00000ec8                CMU_ClockDivSet
 .text.CMU_ClockEnable
                0x000010f8       0xd8 ./emlib/em_cmu.o
                0x000010f8                CMU_ClockEnable
 .text.CMU_ClockFreqGet
                0x000011d0      0x1d8 ./emlib/em_cmu.o
                0x000011d0                CMU_ClockFreqGet
 .text.CMU_ClockSelectGet
                0x000013a8      0x160 ./emlib/em_cmu.o
                0x000013a8                CMU_ClockSelectGet
 .text.CMU_ClockSelectSet
                0x00001508      0x2b8 ./emlib/em_cmu.o
                0x00001508                CMU_ClockSelectSet
 .text.CMU_LCDClkFDIVSet
                0x000017c0       0x3c ./emlib/em_cmu.o
                0x000017c0                CMU_LCDClkFDIVSet
 .text.CMU_OscillatorEnable
                0x000017fc       0xc0 ./emlib/em_cmu.o
                0x000017fc                CMU_OscillatorEnable
 .text.EMU_UpdateOscConfig
                0x000018bc       0x1c ./emlib/em_emu.o
                0x000018bc                EMU_UpdateOscConfig
 .text.BUS_RegBitWrite
                0x000018d8       0x2c ./emlib/em_gpio.o
 .text.BUS_RegMaskedWrite
                0x00001904       0x28 ./emlib/em_gpio.o
 .text.GPIO_PinOutClear
                0x0000192c       0x58 ./emlib/em_gpio.o
 .text.GPIO_PinOutSet
                0x00001984       0x58 ./emlib/em_gpio.o
 .text.GPIO_DriveModeSet
                0x000019dc       0x70 ./emlib/em_gpio.o
                0x000019dc                GPIO_DriveModeSet
 .text.GPIO_ExtIntConfig
                0x00001a4c       0xcc ./emlib/em_gpio.o
                0x00001a4c                GPIO_ExtIntConfig
 .text.GPIO_PinModeSet
                0x00001b18      0x110 ./emlib/em_gpio.o
                0x00001b18                GPIO_PinModeSet
 .text.LCD_Enable
                0x00001c28       0x38 ./emlib/em_lcd.o
 .text.BUS_RegBitWrite
                0x00001c60       0x2c ./emlib/em_lcd.o
 .text.LCD_Init
                0x00001c8c       0x70 ./emlib/em_lcd.o
                0x00001c8c                LCD_Init
 .text.LCD_VLCDSelect
                0x00001cfc       0x44 ./emlib/em_lcd.o
                0x00001cfc                LCD_VLCDSelect
 .text.LCD_SegmentRangeEnable
                0x00001d40       0x40 ./emlib/em_lcd.o
                0x00001d40                LCD_SegmentRangeEnable
 .text.LCD_SegmentSet
                0x00001d80      0x1e4 ./emlib/em_lcd.o
                0x00001d80                LCD_SegmentSet
 .text.LCD_SegmentSetLow
                0x00001f64      0x17c ./emlib/em_lcd.o
                0x00001f64                LCD_SegmentSetLow
 .text.LCD_SegmentSetHigh
                0x000020e0      0x17c ./emlib/em_lcd.o
                0x000020e0                LCD_SegmentSetHigh
 .text.LCD_VBoostSet
                0x0000225c       0x28 ./emlib/em_lcd.o
                0x0000225c                LCD_VBoostSet
 .text.BUS_RegBitWrite
                0x00002284       0x2c ./emlib/em_lesense.o
 .text.LESENSE_Init
                0x000022b0      0x168 ./emlib/em_lesense.o
                0x000022b0                LESENSE_Init
 .text.LESENSE_ScanFreqSet
                0x00002418       0xbc ./emlib/em_lesense.o
                0x00002418                LESENSE_ScanFreqSet
 .text.LESENSE_ScanModeSet
                0x000024d4       0x3c ./emlib/em_lesense.o
                0x000024d4                LESENSE_ScanModeSet
 .text.LESENSE_StartDelaySet
                0x00002510       0x34 ./emlib/em_lesense.o
                0x00002510                LESENSE_StartDelaySet
 .text.LESENSE_ClkDivSet
                0x00002544       0x60 ./emlib/em_lesense.o
                0x00002544                LESENSE_ClkDivSet
 .text.LESENSE_ChannelAllConfig
                0x000025a4       0x30 ./emlib/em_lesense.o
                0x000025a4                LESENSE_ChannelAllConfig
 .text.LESENSE_ChannelConfig
                0x000025d4      0x168 ./emlib/em_lesense.o
                0x000025d4                LESENSE_ChannelConfig
 .text.LESENSE_ChannelTimingSet
                0x0000273c       0x38 ./emlib/em_lesense.o
                0x0000273c                LESENSE_ChannelTimingSet
 .text.LESENSE_ChannelThresSet
                0x00002774       0x78 ./emlib/em_lesense.o
                0x00002774                LESENSE_ChannelThresSet
 .text.LESENSE_DecoderStateSet
                0x000027ec       0x20 ./emlib/em_lesense.o
                0x000027ec                LESENSE_DecoderStateSet
 .text.LESENSE_ScanStart
                0x0000280c       0x34 ./emlib/em_lesense.o
                0x0000280c                LESENSE_ScanStart
 .text.LESENSE_ScanStop
                0x00002840       0x34 ./emlib/em_lesense.o
                0x00002840                LESENSE_ScanStop
 .text.LESENSE_ResultBufferClear
                0x00002874       0x34 ./emlib/em_lesense.o
                0x00002874                LESENSE_ResultBufferClear
 .text.LESENSE_Reset
                0x000028a8       0xec ./emlib/em_lesense.o
                0x000028a8                LESENSE_Reset
 .text.RTC_CompareGet
                0x00002994       0x3c ./emlib/em_rtc.o
                0x00002994                RTC_CompareGet
 .text.RTC_CompareSet
                0x000029d0       0x4c ./emlib/em_rtc.o
                0x000029d0                RTC_CompareSet
 .text.SYSTEM_ChipRevisionGet
                0x00002a1c       0x74 ./emlib/em_system.o
                0x00002a1c                SYSTEM_ChipRevisionGet
 .text.NVIC_EnableIRQ
                0x00002a90       0x30 ./Drivers/caplesense.o
 .text.SystemCoreClockUpdate
                0x00002ac0        0xc ./Drivers/caplesense.o
 .text.INT_Disable
                0x00002acc       0x2c ./Drivers/caplesense.o
 .text.INT_Enable
                0x00002af8       0x3c ./Drivers/caplesense.o
 .text.LESENSE_StatusGet
                0x00002b34       0x18 ./Drivers/caplesense.o
 .text.LESENSE_ScanResultDataGet
                0x00002b4c       0x18 ./Drivers/caplesense.o
 .text.LESENSE_ScanResultDataBufferGet
                0x00002b64       0x28 ./Drivers/caplesense.o
 .text.LESENSE_IntClear
                0x00002b8c       0x1c ./Drivers/caplesense.o
 .text.LESENSE_IntEnable
                0x00002ba8       0x24 ./Drivers/caplesense.o
 .text.LESENSE_IntDisable
                0x00002bcc       0x24 ./Drivers/caplesense.o
 .text.LESENSE_IntGetEnabled
                0x00002bf0       0x24 ./Drivers/caplesense.o
 .text.CAPLESENSE_setupCMU
                0x00002c14       0x7c ./Drivers/caplesense.o
                0x00002c14                CAPLESENSE_setupCMU
 .text.CAPLESENSE_setupGPIO
                0x00002c90       0x40 ./Drivers/caplesense.o
                0x00002c90                CAPLESENSE_setupGPIO
 .text.CAPLESENSE_setupACMP
                0x00002cd0       0x3c ./Drivers/caplesense.o
                0x00002cd0                CAPLESENSE_setupACMP
 .text.CAPLESENSE_setupLESENSE
                0x00002d0c      0x194 ./Drivers/caplesense.o
                0x00002d0c                CAPLESENSE_setupLESENSE
 .text.LESENSE_IRQHandler
                0x00002ea0       0xdc ./Drivers/caplesense.o
                0x00002ea0                LESENSE_IRQHandler
 .text.CAPLESENSE_getSliderPosition
                0x00002f7c      0x160 ./Drivers/caplesense.o
                0x00002f7c                CAPLESENSE_getSliderPosition
 .text.CAPLESENSE_Init
                0x000030dc       0x2c ./Drivers/caplesense.o
                0x000030dc                CAPLESENSE_Init
 .text.NVIC_EnableIRQ
                0x00003108       0x30 ./Drivers/gpiointerrupt.o
 .text.NVIC_ClearPendingIRQ
                0x00003138       0x34 ./Drivers/gpiointerrupt.o
 .text.GPIO_IntClear
                0x0000316c       0x20 ./Drivers/gpiointerrupt.o
 .text.GPIO_IntGetEnabled
                0x0000318c       0x28 ./Drivers/gpiointerrupt.o
 .text.INT_Disable
                0x000031b4       0x2c ./Drivers/gpiointerrupt.o
 .text.INT_Enable
                0x000031e0       0x3c ./Drivers/gpiointerrupt.o
 .text.SL_CTZ   0x0000321c       0x28 ./Drivers/gpiointerrupt.o
 .text.GPIOINT_Init
                0x00003244       0x20 ./Drivers/gpiointerrupt.o
                0x00003244                GPIOINT_Init
 .text.GPIOINT_CallbackRegister
                0x00003264       0x28 ./Drivers/gpiointerrupt.o
                0x00003264                GPIOINT_CallbackRegister
 .text.GPIOINT_IRQDispatcher
                0x0000328c       0x4c ./Drivers/gpiointerrupt.o
 .text.GPIO_EVEN_IRQHandler
                0x000032d8       0x28 ./Drivers/gpiointerrupt.o
                0x000032d8                GPIO_EVEN_IRQHandler
 .text.GPIO_ODD_IRQHandler
                0x00003300       0x28 ./Drivers/gpiointerrupt.o
                0x00003300                GPIO_ODD_IRQHandler
 .text.INT_Disable
                0x00003328       0x2c ./Drivers/rtcdriver.o
 .text.INT_Enable
                0x00003354       0x3c ./Drivers/rtcdriver.o
 .text.RTC_CounterGet
                0x00003390       0x18 ./Drivers/rtcdriver.o
 .text.RTC_IntClear
                0x000033a8       0x1c ./Drivers/rtcdriver.o
 .text.RTC_IntDisable
                0x000033c4       0x24 ./Drivers/rtcdriver.o
 .text.RTC_IntEnable
                0x000033e8       0x24 ./Drivers/rtcdriver.o
 .text.RTC_IntGet
                0x0000340c       0x18 ./Drivers/rtcdriver.o
 .text.RTC_IRQHandler
                0x00003424       0xa4 ./Drivers/rtcdriver.o
                0x00003424                RTC_IRQHandler
 .text.checkAllTimers
                0x000034c8      0x2a8 ./Drivers/rtcdriver.o
 .text.executeTimerCallbacks
                0x00003770       0x64 ./Drivers/rtcdriver.o
 .text.rescheduleRtc
                0x000037d4      0x10c ./Drivers/rtcdriver.o
 .text.LCD_FreezeEnable
                0x000038e0       0x2c ./Drivers/segmentlcd.o
 .text.LCD_SyncBusyDelay
                0x0000390c       0x24 ./Drivers/segmentlcd.o
 .text.LCD_IntDisable
                0x00003930       0x24 ./Drivers/segmentlcd.o
 .text.SegmentLCD_AllOff
                0x00003954       0xac ./Drivers/segmentlcd.o
                0x00003954                SegmentLCD_AllOff
 .text.SegmentLCD_AlphaNumberOff
                0x00003a00       0xa8 ./Drivers/segmentlcd.o
                0x00003a00                SegmentLCD_AlphaNumberOff
 .text.SegmentLCD_ARing
                0x00003aa8       0x54 ./Drivers/segmentlcd.o
                0x00003aa8                SegmentLCD_ARing
 .text.SegmentLCD_Init
                0x00003afc       0xb8 ./Drivers/segmentlcd.o
                0x00003afc                SegmentLCD_Init
 .text.SegmentLCD_Number
                0x00003bb4      0x124 ./Drivers/segmentlcd.o
                0x00003bb4                SegmentLCD_Number
 .text.SegmentLCD_NumberOff
                0x00003cd8       0x50 ./Drivers/segmentlcd.o
                0x00003cd8                SegmentLCD_NumberOff
 .text.SegmentLCD_Symbol
                0x00003d28      0x130 ./Drivers/segmentlcd.o
                0x00003d28                SegmentLCD_Symbol
 .text.SegmentLCD_Write
                0x00003e58       0xd8 ./Drivers/segmentlcd.o
                0x00003e58                SegmentLCD_Write
 .text.displaySegmentField
                0x00003f30       0xa4 ./Drivers/segmentlcd.o
                0x00003f30                displaySegmentField
 .text          0x00003fd4       0x30 ./CMSIS/efm32gg/startup_gcc_efm32gg.o
                0x00003fd4                Reset_Handler
                0x00004000                DebugMon_Handler
                0x00004000                USART0_TX_IRQHandler
                0x00004000                I2C0_IRQHandler
                0x00004000                HardFault_Handler
                0x00004000                LEUART1_IRQHandler
                0x00004000                SysTick_Handler
                0x00004000                USART1_RX_IRQHandler
                0x00004000                PendSV_Handler
                0x00004000                NMI_Handler
                0x00004000                I2C1_IRQHandler
                0x00004000                TIMER3_IRQHandler
                0x00004000                USART1_TX_IRQHandler
                0x00004000                MSC_IRQHandler
                0x00004000                ADC0_IRQHandler
                0x00004000                UsageFault_Handler
                0x00004000                LEUART0_IRQHandler
                0x00004000                UART0_TX_IRQHandler
                0x00004000                UART1_TX_IRQHandler
                0x00004000                TIMER0_IRQHandler
                0x00004000                TIMER2_IRQHandler
                0x00004000                LCD_IRQHandler
                0x00004000                PCNT2_IRQHandler
                0x00004000                UART0_RX_IRQHandler
                0x00004000                LETIMER0_IRQHandler
                0x00004000                TIMER1_IRQHandler
                0x00004000                USART2_RX_IRQHandler
                0x00004000                Default_Handler
                0x00004000                EMU_IRQHandler
                0x00004000                PCNT0_IRQHandler
                0x00004000                USB_IRQHandler
                0x00004000                BURTC_IRQHandler
                0x00004000                PCNT1_IRQHandler
                0x00004000                ACMP0_IRQHandler
                0x00004000                USART0_RX_IRQHandler
                0x00004000                MemManage_Handler
                0x00004000                SVC_Handler
                0x00004000                DAC0_IRQHandler
                0x00004000                UART1_RX_IRQHandler
                0x00004000                CMU_IRQHandler
                0x00004000                EBI_IRQHandler
                0x00004000                AES_IRQHandler
                0x00004000                VCMP_IRQHandler
                0x00004000                DMA_IRQHandler
                0x00004000                BusFault_Handler
                0x00004000                USART2_TX_IRQHandler
 .text.GetProdRev
                0x00004004       0x1c ./CMSIS/efm32gg/system_efm32gg.o
 .text.SystemCoreClockGet
                0x00004020       0x34 ./CMSIS/efm32gg/system_efm32gg.o
                0x00004020                SystemCoreClockGet
 .text.SystemMaxCoreClockGet
                0x00004054       0x14 ./CMSIS/efm32gg/system_efm32gg.o
                0x00004054                SystemMaxCoreClockGet
 .text.SystemHFClockGet
                0x00004068      0x100 ./CMSIS/efm32gg/system_efm32gg.o
                0x00004068                SystemHFClockGet
 .text.SystemHFXOClockGet
                0x00004168       0x18 ./CMSIS/efm32gg/system_efm32gg.o
                0x00004168                SystemHFXOClockGet
 .text.SystemInit
                0x00004180        0xc ./CMSIS/efm32gg/system_efm32gg.o
                0x00004180                SystemInit
 .text.SystemLFRCOClockGet
                0x0000418c       0x14 ./CMSIS/efm32gg/system_efm32gg.o
                0x0000418c                SystemLFRCOClockGet
 .text.SystemULFRCOClockGet
                0x000041a0       0x14 ./CMSIS/efm32gg/system_efm32gg.o
                0x000041a0                SystemULFRCOClockGet
 .text.SystemLFXOClockGet
                0x000041b4       0x18 ./CMSIS/efm32gg/system_efm32gg.o
                0x000041b4                SystemLFXOClockGet
 .text.GPIO_PinOutToggle
                0x000041cc       0x58 ./BSP/bsp_stk_leds.o
 .text.BSP_LedsInit
                0x00004224       0x5c ./BSP/bsp_stk_leds.o
                0x00004224                BSP_LedsInit
 .text.BSP_LedToggle
                0x00004280       0x44 ./BSP/bsp_stk_leds.o
                0x00004280                BSP_LedToggle
 .text.BSP_TraceSwoSetup
                0x000042c4      0x114 ./BSP/bsp_trace.o
                0x000042c4                BSP_TraceSwoSetup
 .text.BSP_TraceProfilerSetup
                0x000043d8       0x28 ./BSP/bsp_trace.o
                0x000043d8                BSP_TraceProfilerSetup
 .text          0x00004400      0x370 d:/silabs/developer/toolchains/gnu_arm/4.8_2013q4/bin/../lib/gcc/arm-none-eabi/4.8.3/armv7-m\libgcc.a(_arm_addsubdf3.o)
                0x00004400                __aeabi_drsub
                0x00004408                __aeabi_dsub
                0x00004408                __subdf3
                0x0000440c                __aeabi_dadd
                0x0000440c                __adddf3
                0x00004684                __floatunsidf
                0x00004684                __aeabi_ui2d
                0x000046a4                __floatsidf
                0x000046a4                __aeabi_i2d
                0x000046c8                __aeabi_f2d
                0x000046c8                __extendsfdf2
                0x00004704                __floatundidf
                0x00004704                __aeabi_ul2d
                0x00004714                __floatdidf
                0x00004714                __aeabi_l2d
 .text          0x00004770      0x424 d:/silabs/developer/toolchains/gnu_arm/4.8_2013q4/bin/../lib/gcc/arm-none-eabi/4.8.3/armv7-m\libgcc.a(_arm_muldivdf3.o)
                0x00004770                __aeabi_dmul
                0x00004770                __muldf3
                0x000049c4                __divdf3
                0x000049c4                __aeabi_ddiv
 .text          0x00004b94       0x50 d:/silabs/developer/toolchains/gnu_arm/4.8_2013q4/bin/../lib/gcc/arm-none-eabi/4.8.3/armv7-m\libgcc.a(_arm_fixdfsi.o)
                0x00004b94                __aeabi_d2iz
                0x00004b94                __fixdfsi
 .text.abs      0x00004be4        0x8 d:/silabs/developer/toolchains/gnu_arm/4.8_2013q4/bin/../lib/gcc/arm-none-eabi/4.8.3/../../../../arm-none-eabi/lib/armv7-m\libc_s.a(lib_a-abs.o)
                0x00004be4                abs
 .text.exit     0x00004bec       0x28 d:/silabs/developer/toolchains/gnu_arm/4.8_2013q4/bin/../lib/gcc/arm-none-eabi/4.8.3/../../../../arm-none-eabi/lib/armv7-m\libc_s.a(lib_a-exit.o)
                0x00004bec                exit
 .text.__libc_init_array
                0x00004c14       0x4c d:/silabs/developer/toolchains/gnu_arm/4.8_2013q4/bin/../lib/gcc/arm-none-eabi/4.8.3/../../../../arm-none-eabi/lib/armv7-m\libc_s.a(lib_a-init.o)
                0x00004c14                __libc_init_array
 .text.memset   0x00004c60       0x10 d:/silabs/developer/toolchains/gnu_arm/4.8_2013q4/bin/../lib/gcc/arm-none-eabi/4.8.3/../../../../arm-none-eabi/lib/armv7-m\libc_s.a(lib_a-memset.o)
                0x00004c60                memset
 .text.strlen   0x00004c70       0x10 d:/silabs/developer/toolchains/gnu_arm/4.8_2013q4/bin/../lib/gcc/arm-none-eabi/4.8.3/../../../../arm-none-eabi/lib/armv7-m\libc_s.a(lib_a-strlen.o)
                0x00004c70                strlen
 .text._exit    0x00004c80        0x4 d:/silabs/developer/toolchains/gnu_arm/4.8_2013q4/bin/../lib/gcc/arm-none-eabi/4.8.3/../../../../arm-none-eabi/lib/armv7-m\libnosys.a(_exit.o)
                0x00004c80                _exit
 *(.init)
 .init          0x00004c84        0x4 d:/silabs/developer/toolchains/gnu_arm/4.8_2013q4/bin/../lib/gcc/arm-none-eabi/4.8.3/armv7-m/crti.o
                0x00004c84                _init
 .init          0x00004c88        0x8 d:/silabs/developer/toolchains/gnu_arm/4.8_2013q4/bin/../lib/gcc/arm-none-eabi/4.8.3/armv7-m/crtn.o
 *(.fini)
 .fini          0x00004c90        0x4 d:/silabs/developer/toolchains/gnu_arm/4.8_2013q4/bin/../lib/gcc/arm-none-eabi/4.8.3/armv7-m/crti.o
                0x00004c90                _fini
 .fini          0x00004c94        0x8 d:/silabs/developer/toolchains/gnu_arm/4.8_2013q4/bin/../lib/gcc/arm-none-eabi/4.8.3/armv7-m/crtn.o
 *crtbegin.o(.ctors)
 *crtbegin?.o(.ctors)
 *(EXCLUDE_FILE(*crtend.o *crtend?.o) .ctors)
 *(SORT(.ctors.*))
 *(.ctors)
 *crtbegin.o(.dtors)
 *crtbegin?.o(.dtors)
 *(EXCLUDE_FILE(*crtend.o *crtend?.o) .dtors)
 *(SORT(.dtors.*))
 *(.dtors)
 *(.rodata*)
 .rodata        0x00004c9c        0x8 ./src/getDifficulty.o
 .rodata.channelsInUse
                0x00004ca4       0x10 ./Drivers/caplesense.o
 .rodata        0x00004cb4       0x2c ./Drivers/caplesense.o
 .rodata.initACMP.6032
                0x00004ce0       0x14 ./Drivers/caplesense.o
 .rodata.initLESENSE.6042
                0x00004cf4       0x40 ./Drivers/caplesense.o
 .rodata.initChsSleep.6041
                0x00004d34      0x200 ./Drivers/caplesense.o
 .rodata.initChsSense.6040
                0x00004f34      0x200 ./Drivers/caplesense.o
 .rodata.EFM_Display
                0x00005134      0x200 ./Drivers/segmentlcd.o
 .rodata.EFM_Alphabet
                0x00005334       0xb8 ./Drivers/segmentlcd.o
 .rodata.EFM_Numbers
                0x000053ec       0x24 ./Drivers/segmentlcd.o
 .rodata.lcdInit
                0x00005410       0x14 ./Drivers/segmentlcd.o
 .rodata.ledArray
                0x00005424       0x10 ./BSP/bsp_stk_leds.o
 .rodata.str1.1
                0x00005434        0x2 d:/silabs/developer/toolchains/gnu_arm/4.8_2013q4/bin/../lib/gcc/arm-none-eabi/4.8.3/../../../../arm-none-eabi/lib/armv7-m\libc_s.a(lib_a-impure.o)
 *fill*         0x00005436        0x2 
 .rodata._global_impure_ptr
                0x00005438        0x4 d:/silabs/developer/toolchains/gnu_arm/4.8_2013q4/bin/../lib/gcc/arm-none-eabi/4.8.3/../../../../arm-none-eabi/lib/armv7-m\libc_s.a(lib_a-impure.o)
                0x00005438                _global_impure_ptr
 *(.eh_frame*)
 .eh_frame      0x0000543c        0x0 d:/silabs/developer/toolchains/gnu_arm/4.8_2013q4/bin/../lib/gcc/arm-none-eabi/4.8.3/armv7-m/crtbegin.o
 .eh_frame      0x0000543c        0x4 d:/silabs/developer/toolchains/gnu_arm/4.8_2013q4/bin/../lib/gcc/arm-none-eabi/4.8.3/armv7-m/crtend.o

.glue_7         0x00005440        0x0
 .glue_7        0x00000000        0x0 linker stubs

.glue_7t        0x00005440        0x0
 .glue_7t       0x00000000        0x0 linker stubs

.vfp11_veneer   0x00005440        0x0
 .vfp11_veneer  0x00000000        0x0 linker stubs

.v4_bx          0x00005440        0x0
 .v4_bx         0x00000000        0x0 linker stubs

.iplt           0x00005440        0x0
 .iplt          0x00000000        0x0 d:/silabs/developer/toolchains/gnu_arm/4.8_2013q4/bin/../lib/gcc/arm-none-eabi/4.8.3/armv7-m/crtbegin.o

.ARM.extab
 *(.ARM.extab* .gnu.linkonce.armextab.*)
                0x00005440                __exidx_start = .

.ARM.exidx      0x00005440        0x8
 *(.ARM.exidx* .gnu.linkonce.armexidx.*)
 .ARM.exidx     0x00005440        0x8 d:/silabs/developer/toolchains/gnu_arm/4.8_2013q4/bin/../lib/gcc/arm-none-eabi/4.8.3/../../../../arm-none-eabi/lib/armv7-m/crt0.o
                0x00005448                __exidx_end = .
                0x00005448                __etext = .

.rel.dyn        0x00005448        0x0
 .rel.iplt      0x00000000        0x0 d:/silabs/developer/toolchains/gnu_arm/4.8_2013q4/bin/../lib/gcc/arm-none-eabi/4.8.3/armv7-m/crtbegin.o

.data           0x20000000       0xbc load address 0x00005448
                0x20000000                __data_start__ = .
 *(vtable)
 *(.data*)
 .data.lfsr     0x20000000        0x2 ./src/random.o
                0x20000000                lfsr
 *fill*         0x20000002        0x2 
 .data.channelMaxValues
                0x20000004       0x40 ./Drivers/caplesense.o
 .data.init.6038
                0x20000044        0x1 ./Drivers/caplesense.o
 *fill*         0x20000045        0x3 
 .data.SystemHFXOClock
                0x20000048        0x4 ./CMSIS/efm32gg/system_efm32gg.o
 .data.SystemLFXOClock
                0x2000004c        0x4 ./CMSIS/efm32gg/system_efm32gg.o
 .data.impure_data
                0x20000050       0x60 d:/silabs/developer/toolchains/gnu_arm/4.8_2013q4/bin/../lib/gcc/arm-none-eabi/4.8.3/../../../../arm-none-eabi/lib/armv7-m\libc_s.a(lib_a-impure.o)
                0x200000b0                . = ALIGN (0x4)
 *(.ram)
                0x200000b0                . = ALIGN (0x4)
                0x200000b0                PROVIDE (__preinit_array_start, .)
 *(.preinit_array)
                0x200000b0                PROVIDE (__preinit_array_end, .)
                0x200000b0                . = ALIGN (0x4)
                0x200000b0                PROVIDE (__init_array_start, .)
 *(SORT(.init_array.*))
 *(.init_array)
 .init_array    0x200000b0        0x4 d:/silabs/developer/toolchains/gnu_arm/4.8_2013q4/bin/../lib/gcc/arm-none-eabi/4.8.3/armv7-m/crtbegin.o
                0x200000b4                PROVIDE (__init_array_end, .)
                0x200000b4                . = ALIGN (0x4)
                0x200000b4                PROVIDE (__fini_array_start, .)
 *(SORT(.fini_array.*))
 *(.fini_array)
 .fini_array    0x200000b4        0x4 d:/silabs/developer/toolchains/gnu_arm/4.8_2013q4/bin/../lib/gcc/arm-none-eabi/4.8.3/armv7-m/crtbegin.o
                0x200000b8                PROVIDE (__fini_array_end, .)
 *(.jcr*)
 .jcr           0x200000b8        0x0 d:/silabs/developer/toolchains/gnu_arm/4.8_2013q4/bin/../lib/gcc/arm-none-eabi/4.8.3/armv7-m/crtbegin.o
 .jcr           0x200000b8        0x4 d:/silabs/developer/toolchains/gnu_arm/4.8_2013q4/bin/../lib/gcc/arm-none-eabi/4.8.3/armv7-m/crtend.o
                0x200000bc                . = ALIGN (0x4)
                0x200000bc                __data_end__ = .

.igot.plt       0x200000bc        0x0 load address 0x00005504
 .igot.plt      0x00000000        0x0 d:/silabs/developer/toolchains/gnu_arm/4.8_2013q4/bin/../lib/gcc/arm-none-eabi/4.8.3/armv7-m/crtbegin.o

.bss            0x200000c0       0xf8 load address 0x00005508
                0x200000c0                . = ALIGN (0x4)
                0x200000c0                __bss_start__ = .
 *(.bss*)
 .bss           0x200000c0       0x1c d:/silabs/developer/toolchains/gnu_arm/4.8_2013q4/bin/../lib/gcc/arm-none-eabi/4.8.3/armv7-m/crtbegin.o
 .bss.vboost    0x200000dc        0x1 ./src/getDifficulty.o
                0x200000dc                vboost
 *fill*         0x200000dd        0x3 
 .bss.play      0x200000e0        0x4 ./src/main.o
                0x200000e0                play
 .bss.cmuStatus
                0x200000e4        0x4 ./emlib/em_emu.o
 .bss.INT_LockCnt
                0x200000e8        0x4 ./emlib/em_int.o
                0x200000e8                INT_LockCnt
 .bss.channelValues
                0x200000ec       0x40 ./Drivers/caplesense.o
 .bss.lesenseScanCb
                0x2000012c        0x4 ./Drivers/caplesense.o
 .bss.lesenseChCb
                0x20000130        0x4 ./Drivers/caplesense.o
 .bss.currentChannel
                0x20000134        0x1 ./Drivers/caplesense.o
 *fill*         0x20000135        0x3 
 .bss.capsenseCalibrateVals.6039
                0x20000138        0x8 ./Drivers/caplesense.o
 .bss.gpioCallbacks
                0x20000140       0x40 ./Drivers/gpiointerrupt.o
 .bss.timer     0x20000180       0x28 ./Drivers/rtcdriver.o
 .bss.lastStart
                0x200001a8        0x4 ./Drivers/rtcdriver.o
 .bss.inTimerIRQ
                0x200001ac        0x1 ./Drivers/rtcdriver.o
 .bss.rtcRunning
                0x200001ad        0x1 ./Drivers/rtcdriver.o
 *(COMMON)
 *fill*         0x200001ae        0x2 
 COMMON         0x200001b0        0x4 ./src/random.o
                0x200001b0                bit
 COMMON         0x200001b4        0x4 ./CMSIS/efm32gg/system_efm32gg.o
                0x200001b4                SystemCoreClock
                0x200001b8                . = ALIGN (0x4)
                0x200001b8                __bss_end__ = .

.heap           0x200001b8      0xc00
                0x200001b8                __HeapBase = .
                0x200001b8                __end__ = .
                0x200001b8                end = __end__
                0x200001b8                _end = __end__
 *(.heap*)
 .heap          0x200001b8      0xc00 ./CMSIS/efm32gg/startup_gcc_efm32gg.o
                0x20000db8                __HeapLimit = .

.stack_dummy    0x200001b8      0x400
 *(.stack*)
 .stack         0x200001b8      0x400 ./CMSIS/efm32gg/startup_gcc_efm32gg.o
                0x20020000                __StackTop = (ORIGIN (RAM) + 0x20000)
                0x2001fc00                __StackLimit = (__StackTop - SIZEOF (.stack_dummy))
                0x20020000                PROVIDE (__stack, __StackTop)
                0x00000001                ASSERT ((__StackLimit >= __HeapLimit), region RAM overflowed with stack)
                0x00000001                ASSERT ((0x100000 >= (__etext + SIZEOF (.data))), FLASH memory overflowed !)
OUTPUT(neo.axf elf32-littlearm)

.ARM.attributes
                0x00000000       0x29
 .ARM.attributes
                0x00000000       0x1d d:/silabs/developer/toolchains/gnu_arm/4.8_2013q4/bin/../lib/gcc/arm-none-eabi/4.8.3/armv7-m/crti.o
 .ARM.attributes
                0x0000001d       0x2d d:/silabs/developer/toolchains/gnu_arm/4.8_2013q4/bin/../lib/gcc/arm-none-eabi/4.8.3/armv7-m/crtbegin.o
 .ARM.attributes
                0x0000004a       0x1b d:/silabs/developer/toolchains/gnu_arm/4.8_2013q4/bin/../lib/gcc/arm-none-eabi/4.8.3/../../../../arm-none-eabi/lib/armv7-m/crt0.o
 .ARM.attributes
                0x00000065       0x33 ./src/drawTools.o
 .ARM.attributes
                0x00000098       0x33 ./src/getDifficulty.o
 .ARM.attributes
                0x000000cb       0x33 ./src/getPos.o
 .ARM.attributes
                0x000000fe       0x33 ./src/main.o
 .ARM.attributes
                0x00000131       0x33 ./src/playGame.o
 .ARM.attributes
                0x00000164       0x33 ./src/random.o
 .ARM.attributes
                0x00000197       0x33 ./emlib/em_acmp.o
 .ARM.attributes
                0x000001ca       0x33 ./emlib/em_cmu.o
 .ARM.attributes
                0x000001fd       0x33 ./emlib/em_emu.o
 .ARM.attributes
                0x00000230       0x33 ./emlib/em_gpio.o
 .ARM.attributes
                0x00000263       0x33 ./emlib/em_int.o
 .ARM.attributes
                0x00000296       0x33 ./emlib/em_lcd.o
 .ARM.attributes
                0x000002c9       0x33 ./emlib/em_lesense.o
 .ARM.attributes
                0x000002fc       0x33 ./emlib/em_rtc.o
 .ARM.attributes
                0x0000032f       0x33 ./emlib/em_system.o
 .ARM.attributes
                0x00000362       0x33 ./Drivers/caplesense.o
 .ARM.attributes
                0x00000395       0x33 ./Drivers/gpiointerrupt.o
 .ARM.attributes
                0x000003c8       0x33 ./Drivers/rtcdriver.o
 .ARM.attributes
                0x000003fb       0x33 ./Drivers/segmentlcd.o
 .ARM.attributes
                0x0000042e       0x1b ./CMSIS/efm32gg/startup_gcc_efm32gg.o
 .ARM.attributes
                0x00000449       0x33 ./CMSIS/efm32gg/system_efm32gg.o
 .ARM.attributes
                0x0000047c       0x33 ./BSP/bsp_stk_leds.o
 .ARM.attributes
                0x000004af       0x33 ./BSP/bsp_trace.o
 .ARM.attributes
                0x000004e2       0x1d d:/silabs/developer/toolchains/gnu_arm/4.8_2013q4/bin/../lib/gcc/arm-none-eabi/4.8.3/armv7-m\libgcc.a(_arm_addsubdf3.o)
 .ARM.attributes
                0x000004ff       0x1d d:/silabs/developer/toolchains/gnu_arm/4.8_2013q4/bin/../lib/gcc/arm-none-eabi/4.8.3/armv7-m\libgcc.a(_arm_muldivdf3.o)
 .ARM.attributes
                0x0000051c       0x1d d:/silabs/developer/toolchains/gnu_arm/4.8_2013q4/bin/../lib/gcc/arm-none-eabi/4.8.3/armv7-m\libgcc.a(_arm_fixdfsi.o)
 .ARM.attributes
                0x00000539       0x2d d:/silabs/developer/toolchains/gnu_arm/4.8_2013q4/bin/../lib/gcc/arm-none-eabi/4.8.3/../../../../arm-none-eabi/lib/armv7-m\libc_s.a(lib_a-abs.o)
 .ARM.attributes
                0x00000566       0x2d d:/silabs/developer/toolchains/gnu_arm/4.8_2013q4/bin/../lib/gcc/arm-none-eabi/4.8.3/../../../../arm-none-eabi/lib/armv7-m\libc_s.a(lib_a-exit.o)
 .ARM.attributes
                0x00000593       0x2d d:/silabs/developer/toolchains/gnu_arm/4.8_2013q4/bin/../lib/gcc/arm-none-eabi/4.8.3/../../../../arm-none-eabi/lib/armv7-m\libc_s.a(lib_a-impure.o)
 .ARM.attributes
                0x000005c0       0x2d d:/silabs/developer/toolchains/gnu_arm/4.8_2013q4/bin/../lib/gcc/arm-none-eabi/4.8.3/../../../../arm-none-eabi/lib/armv7-m\libc_s.a(lib_a-init.o)
 .ARM.attributes
                0x000005ed       0x2d d:/silabs/developer/toolchains/gnu_arm/4.8_2013q4/bin/../lib/gcc/arm-none-eabi/4.8.3/../../../../arm-none-eabi/lib/armv7-m\libc_s.a(lib_a-memset.o)
 .ARM.attributes
                0x0000061a       0x2d d:/silabs/developer/toolchains/gnu_arm/4.8_2013q4/bin/../lib/gcc/arm-none-eabi/4.8.3/../../../../arm-none-eabi/lib/armv7-m\libc_s.a(lib_a-strlen.o)
 .ARM.attributes
                0x00000647       0x2d d:/silabs/developer/toolchains/gnu_arm/4.8_2013q4/bin/../lib/gcc/arm-none-eabi/4.8.3/../../../../arm-none-eabi/lib/armv7-m\libnosys.a(_exit.o)
 .ARM.attributes
                0x00000674       0x2d d:/silabs/developer/toolchains/gnu_arm/4.8_2013q4/bin/../lib/gcc/arm-none-eabi/4.8.3/armv7-m/crtend.o
 .ARM.attributes
                0x000006a1       0x1d d:/silabs/developer/toolchains/gnu_arm/4.8_2013q4/bin/../lib/gcc/arm-none-eabi/4.8.3/armv7-m/crtn.o

.comment        0x00000000       0x70
 .comment       0x00000000       0x70 ./src/drawTools.o
                                 0x71 (size before relaxing)
 .comment       0x00000000       0x71 ./src/getDifficulty.o
 .comment       0x00000000       0x71 ./src/getPos.o
 .comment       0x00000000       0x71 ./src/main.o
 .comment       0x00000000       0x71 ./src/playGame.o
 .comment       0x00000000       0x71 ./src/random.o
 .comment       0x00000000       0x71 ./emlib/em_acmp.o
 .comment       0x00000000       0x71 ./emlib/em_cmu.o
 .comment       0x00000000       0x71 ./emlib/em_emu.o
 .comment       0x00000000       0x71 ./emlib/em_gpio.o
 .comment       0x00000000       0x71 ./emlib/em_int.o
 .comment       0x00000000       0x71 ./emlib/em_lcd.o
 .comment       0x00000000       0x71 ./emlib/em_lesense.o
 .comment       0x00000000       0x71 ./emlib/em_rtc.o
 .comment       0x00000000       0x71 ./emlib/em_system.o
 .comment       0x00000000       0x71 ./Drivers/caplesense.o
 .comment       0x00000000       0x71 ./Drivers/gpiointerrupt.o
 .comment       0x00000000       0x71 ./Drivers/rtcdriver.o
 .comment       0x00000000       0x71 ./Drivers/segmentlcd.o
 .comment       0x00000000       0x71 ./CMSIS/efm32gg/system_efm32gg.o
 .comment       0x00000000       0x71 ./BSP/bsp_stk_leds.o
 .comment       0x00000000       0x71 ./BSP/bsp_trace.o

.debug_info     0x00000000     0xba53
 .debug_info    0x00000000      0x2dd ./src/drawTools.o
 .debug_info    0x000002dd      0x11c ./src/getDifficulty.o
 .debug_info    0x000003f9      0x1f8 ./src/getPos.o
 .debug_info    0x000005f1      0x702 ./src/main.o
 .debug_info    0x00000cf3      0x387 ./src/playGame.o
 .debug_info    0x0000107a       0x7c ./src/random.o
 .debug_info    0x000010f6      0x62a ./emlib/em_acmp.o
 .debug_info    0x00001720     0x11ee ./emlib/em_cmu.o
 .debug_info    0x0000290e      0xd80 ./emlib/em_emu.o
 .debug_info    0x0000368e      0x648 ./emlib/em_gpio.o
 .debug_info    0x00003cd6       0xa6 ./emlib/em_int.o
 .debug_info    0x00003d7c      0xa2c ./emlib/em_lcd.o
 .debug_info    0x000047a8     0x13ff ./emlib/em_lesense.o
 .debug_info    0x00005ba7      0x32d ./emlib/em_rtc.o
 .debug_info    0x00005ed4      0x245 ./emlib/em_system.o
 .debug_info    0x00006119     0x172d ./Drivers/caplesense.o
 .debug_info    0x00007846      0x7e6 ./Drivers/gpiointerrupt.o
 .debug_info    0x0000802c      0xd27 ./Drivers/rtcdriver.o
 .debug_info    0x00008d53     0x1316 ./Drivers/segmentlcd.o
 .debug_info    0x0000a069       0x99 ./CMSIS/efm32gg/startup_gcc_efm32gg.o
 .debug_info    0x0000a102      0x561 ./CMSIS/efm32gg/system_efm32gg.o
 .debug_info    0x0000a663      0x788 ./BSP/bsp_stk_leds.o
 .debug_info    0x0000adeb      0xc68 ./BSP/bsp_trace.o

.debug_abbrev   0x00000000     0x249f
 .debug_abbrev  0x00000000      0x10b ./src/drawTools.o
 .debug_abbrev  0x0000010b       0xb2 ./src/getDifficulty.o
 .debug_abbrev  0x000001bd      0x114 ./src/getPos.o
 .debug_abbrev  0x000002d1      0x1fa ./src/main.o
 .debug_abbrev  0x000004cb      0x14f ./src/playGame.o
 .debug_abbrev  0x0000061a       0x66 ./src/random.o
 .debug_abbrev  0x00000680      0x1bb ./emlib/em_acmp.o
 .debug_abbrev  0x0000083b      0x2dc ./emlib/em_cmu.o
 .debug_abbrev  0x00000b17      0x254 ./emlib/em_emu.o
 .debug_abbrev  0x00000d6b      0x1cf ./emlib/em_gpio.o
 .debug_abbrev  0x00000f3a       0x5c ./emlib/em_int.o
 .debug_abbrev  0x00000f96      0x1c2 ./emlib/em_lcd.o
 .debug_abbrev  0x00001158      0x230 ./emlib/em_lesense.o
 .debug_abbrev  0x00001388      0x198 ./emlib/em_rtc.o
 .debug_abbrev  0x00001520       0xef ./emlib/em_system.o
 .debug_abbrev  0x0000160f      0x2de ./Drivers/caplesense.o
 .debug_abbrev  0x000018ed      0x27b ./Drivers/gpiointerrupt.o
 .debug_abbrev  0x00001b68      0x2cd ./Drivers/rtcdriver.o
 .debug_abbrev  0x00001e35      0x1cf ./Drivers/segmentlcd.o
 .debug_abbrev  0x00002004       0x14 ./CMSIS/efm32gg/startup_gcc_efm32gg.o
 .debug_abbrev  0x00002018      0x16d ./CMSIS/efm32gg/system_efm32gg.o
 .debug_abbrev  0x00002185      0x19d ./BSP/bsp_stk_leds.o
 .debug_abbrev  0x00002322      0x17d ./BSP/bsp_trace.o

.debug_loc      0x00000000     0x3560
 .debug_loc     0x00000000       0xe0 ./src/drawTools.o
 .debug_loc     0x000000e0       0x64 ./src/getDifficulty.o
 .debug_loc     0x00000144      0x100 ./src/getPos.o
 .debug_loc     0x00000244      0x1b4 ./src/main.o
 .debug_loc     0x000003f8       0x72 ./src/playGame.o
 .debug_loc     0x0000046a       0x2c ./src/random.o
 .debug_loc     0x00000496      0x230 ./emlib/em_acmp.o
 .debug_loc     0x000006c6      0x828 ./emlib/em_cmu.o
 .debug_loc     0x00000eee      0x3b4 ./emlib/em_emu.o
 .debug_loc     0x000012a2      0x268 ./emlib/em_gpio.o
 .debug_loc     0x0000150a      0x3b8 ./emlib/em_lcd.o
 .debug_loc     0x000018c2      0x494 ./emlib/em_lesense.o
 .debug_loc     0x00001d56      0x1a8 ./emlib/em_rtc.o
 .debug_loc     0x00001efe       0x70 ./emlib/em_system.o
 .debug_loc     0x00001f6e      0x4aa ./Drivers/caplesense.o
 .debug_loc     0x00002418      0x288 ./Drivers/gpiointerrupt.o
 .debug_loc     0x000026a0      0x508 ./Drivers/rtcdriver.o
 .debug_loc     0x00002ba8      0x494 ./Drivers/segmentlcd.o
 .debug_loc     0x0000303c      0x214 ./CMSIS/efm32gg/system_efm32gg.o
 .debug_loc     0x00003250      0x2a0 ./BSP/bsp_stk_leds.o
 .debug_loc     0x000034f0       0x70 ./BSP/bsp_trace.o

.debug_aranges  0x00000000      0xa28
 .debug_aranges
                0x00000000       0x38 ./src/drawTools.o
 .debug_aranges
                0x00000038       0x28 ./src/getDifficulty.o
 .debug_aranges
                0x00000060       0x40 ./src/getPos.o
 .debug_aranges
                0x000000a0       0x58 ./src/main.o
 .debug_aranges
                0x000000f8       0x28 ./src/playGame.o
 .debug_aranges
                0x00000120       0x20 ./src/random.o
 .debug_aranges
                0x00000140       0x68 ./emlib/em_acmp.o
 .debug_aranges
                0x000001a8      0x150 ./emlib/em_cmu.o
 .debug_aranges
                0x000002f8       0xa8 ./emlib/em_emu.o
 .debug_aranges
                0x000003a0       0x70 ./emlib/em_gpio.o
 .debug_aranges
                0x00000410       0x18 ./emlib/em_int.o
 .debug_aranges
                0x00000428       0xa0 ./emlib/em_lcd.o
 .debug_aranges
                0x000004c8       0xc8 ./emlib/em_lesense.o
 .debug_aranges
                0x00000590       0x58 ./emlib/em_rtc.o
 .debug_aranges
                0x000005e8       0x28 ./emlib/em_system.o
 .debug_aranges
                0x00000610       0xd0 ./Drivers/caplesense.o
 .debug_aranges
                0x000006e0       0x78 ./Drivers/gpiointerrupt.o
 .debug_aranges
                0x00000758       0xd8 ./Drivers/rtcdriver.o
 .debug_aranges
                0x00000830       0xc8 ./Drivers/segmentlcd.o
 .debug_aranges
                0x000008f8       0x20 ./CMSIS/efm32gg/startup_gcc_efm32gg.o
 .debug_aranges
                0x00000918       0x70 ./CMSIS/efm32gg/system_efm32gg.o
 .debug_aranges
                0x00000988       0x78 ./BSP/bsp_stk_leds.o
 .debug_aranges
                0x00000a00       0x28 ./BSP/bsp_trace.o

.debug_ranges   0x00000000      0x8a0
 .debug_ranges  0x00000000       0x28 ./src/drawTools.o
 .debug_ranges  0x00000028       0x18 ./src/getDifficulty.o
 .debug_ranges  0x00000040       0x30 ./src/getPos.o
 .debug_ranges  0x00000070       0x48 ./src/main.o
 .debug_ranges  0x000000b8       0x18 ./src/playGame.o
 .debug_ranges  0x000000d0       0x10 ./src/random.o
 .debug_ranges  0x000000e0       0x58 ./emlib/em_acmp.o
 .debug_ranges  0x00000138      0x140 ./emlib/em_cmu.o
 .debug_ranges  0x00000278       0x98 ./emlib/em_emu.o
 .debug_ranges  0x00000310       0x60 ./emlib/em_gpio.o
 .debug_ranges  0x00000370       0x90 ./emlib/em_lcd.o
 .debug_ranges  0x00000400       0xb8 ./emlib/em_lesense.o
 .debug_ranges  0x000004b8       0x48 ./emlib/em_rtc.o
 .debug_ranges  0x00000500       0x18 ./emlib/em_system.o
 .debug_ranges  0x00000518       0xc0 ./Drivers/caplesense.o
 .debug_ranges  0x000005d8       0x68 ./Drivers/gpiointerrupt.o
 .debug_ranges  0x00000640       0xc8 ./Drivers/rtcdriver.o
 .debug_ranges  0x00000708       0xb8 ./Drivers/segmentlcd.o
 .debug_ranges  0x000007c0       0x60 ./CMSIS/efm32gg/system_efm32gg.o
 .debug_ranges  0x00000820       0x68 ./BSP/bsp_stk_leds.o
 .debug_ranges  0x00000888       0x18 ./BSP/bsp_trace.o

.debug_line     0x00000000     0x4255
 .debug_line    0x00000000      0x17f ./src/drawTools.o
 .debug_line    0x0000017f      0x102 ./src/getDifficulty.o
 .debug_line    0x00000281      0x201 ./src/getPos.o
 .debug_line    0x00000482      0x257 ./src/main.o
 .debug_line    0x000006d9      0x194 ./src/playGame.o
 .debug_line    0x0000086d       0x42 ./src/random.o
 .debug_line    0x000008af      0x2ca ./emlib/em_acmp.o
 .debug_line    0x00000b79      0x860 ./emlib/em_cmu.o
 .debug_line    0x000013d9      0x419 ./emlib/em_emu.o
 .debug_line    0x000017f2      0x2e4 ./emlib/em_gpio.o
 .debug_line    0x00001ad6       0xc4 ./emlib/em_int.o
 .debug_line    0x00001b9a      0x39d ./emlib/em_lcd.o
 .debug_line    0x00001f37      0x567 ./emlib/em_lesense.o
 .debug_line    0x0000249e      0x22b ./emlib/em_rtc.o
 .debug_line    0x000026c9      0x1af ./emlib/em_system.o
 .debug_line    0x00002878      0x4ac ./Drivers/caplesense.o
 .debug_line    0x00002d24      0x324 ./Drivers/gpiointerrupt.o
 .debug_line    0x00003048      0x548 ./Drivers/rtcdriver.o
 .debug_line    0x00003590      0x56b ./Drivers/segmentlcd.o
 .debug_line    0x00003afb       0x72 ./CMSIS/efm32gg/startup_gcc_efm32gg.o
 .debug_line    0x00003b6d      0x22d ./CMSIS/efm32gg/system_efm32gg.o
 .debug_line    0x00003d9a      0x304 ./BSP/bsp_stk_leds.o
 .debug_line    0x0000409e      0x1b7 ./BSP/bsp_trace.o

.debug_str      0x00000000     0x46d3
 .debug_str     0x00000000      0x259 ./src/drawTools.o
                                0x295 (size before relaxing)
 .debug_str     0x00000259       0x3d ./src/getDifficulty.o
                                0x214 (size before relaxing)
 .debug_str     0x00000296       0xac ./src/getPos.o
                                0x284 (size before relaxing)
 .debug_str     0x00000342      0x742 ./src/main.o
                                0x991 (size before relaxing)
 .debug_str     0x00000a84      0x158 ./src/playGame.o
                                0x39c (size before relaxing)
 .debug_str     0x00000bdc       0x24 ./src/random.o
                                0x15f (size before relaxing)
 .debug_str     0x00000c00      0x457 ./emlib/em_acmp.o
                                0x641 (size before relaxing)
 .debug_str     0x00001057      0x9c7 ./emlib/em_cmu.o
                                0xe88 (size before relaxing)
 .debug_str     0x00001a1e      0x468 ./emlib/em_emu.o
                                0x834 (size before relaxing)
 .debug_str     0x00001e86      0x1e4 ./emlib/em_gpio.o
                                0x5e4 (size before relaxing)
 .debug_str     0x0000206a       0x1e ./emlib/em_int.o
                                0x1e4 (size before relaxing)
 .debug_str     0x00002088      0x69c ./emlib/em_lcd.o
                                0x8dd (size before relaxing)
 .debug_str     0x00002724     0x10f2 ./emlib/em_lesense.o
                               0x1586 (size before relaxing)
 .debug_str     0x00003816       0xaf ./emlib/em_rtc.o
                                0x2ca (size before relaxing)
 .debug_str     0x000038c5       0x7b ./emlib/em_system.o
                                0x2b6 (size before relaxing)
 .debug_str     0x00003940      0x2e2 ./Drivers/caplesense.o
                               0x1ae5 (size before relaxing)
 .debug_str     0x00003c22      0x100 ./Drivers/gpiointerrupt.o
                                0x6b9 (size before relaxing)
 .debug_str     0x00003d22      0x318 ./Drivers/rtcdriver.o
                                0xb9e (size before relaxing)
 .debug_str     0x0000403a      0x346 ./Drivers/segmentlcd.o
                                0xe06 (size before relaxing)
 .debug_str     0x00004380      0x10c ./CMSIS/efm32gg/system_efm32gg.o
                                0x493 (size before relaxing)
 .debug_str     0x0000448c       0xab ./BSP/bsp_stk_leds.o
                                0x780 (size before relaxing)
 .debug_str     0x00004537      0x19c ./BSP/bsp_trace.o
                                0x7c1 (size before relaxing)

.debug_frame    0x00000000     0x1f40
 .debug_frame   0x00000000       0x90 ./src/drawTools.o
 .debug_frame   0x00000090       0x4c ./src/getDifficulty.o
 .debug_frame   0x000000dc       0xa8 ./src/getPos.o
 .debug_frame   0x00000184      0x104 ./src/main.o
 .debug_frame   0x00000288       0x4c ./src/playGame.o
 .debug_frame   0x000002d4       0x28 ./src/random.o
 .debug_frame   0x000002fc      0x138 ./emlib/em_acmp.o
 .debug_frame   0x00000434      0x480 ./emlib/em_cmu.o
 .debug_frame   0x000008b4      0x210 ./emlib/em_emu.o
 .debug_frame   0x00000ac4      0x154 ./emlib/em_gpio.o
 .debug_frame   0x00000c18      0x1fc ./emlib/em_lcd.o
 .debug_frame   0x00000e14      0x284 ./emlib/em_lesense.o
 .debug_frame   0x00001098       0xf0 ./emlib/em_rtc.o
 .debug_frame   0x00001188       0x48 ./emlib/em_system.o
 .debug_frame   0x000011d0      0x298 ./Drivers/caplesense.o
 .debug_frame   0x00001468      0x16c ./Drivers/gpiointerrupt.o
 .debug_frame   0x000015d4      0x2e4 ./Drivers/rtcdriver.o
 .debug_frame   0x000018b8      0x2ac ./Drivers/segmentlcd.o
 .debug_frame   0x00001b64      0x138 ./CMSIS/efm32gg/system_efm32gg.o
 .debug_frame   0x00001c9c      0x180 ./BSP/bsp_stk_leds.o
 .debug_frame   0x00001e1c       0x50 ./BSP/bsp_trace.o
 .debug_frame   0x00001e6c       0x20 d:/silabs/developer/toolchains/gnu_arm/4.8_2013q4/bin/../lib/gcc/arm-none-eabi/4.8.3/../../../../arm-none-eabi/lib/armv7-m\libc_s.a(lib_a-abs.o)
 .debug_frame   0x00001e8c       0x28 d:/silabs/developer/toolchains/gnu_arm/4.8_2013q4/bin/../lib/gcc/arm-none-eabi/4.8.3/../../../../arm-none-eabi/lib/armv7-m\libc_s.a(lib_a-exit.o)
 .debug_frame   0x00001eb4       0x2c d:/silabs/developer/toolchains/gnu_arm/4.8_2013q4/bin/../lib/gcc/arm-none-eabi/4.8.3/../../../../arm-none-eabi/lib/armv7-m\libc_s.a(lib_a-init.o)
 .debug_frame   0x00001ee0       0x20 d:/silabs/developer/toolchains/gnu_arm/4.8_2013q4/bin/../lib/gcc/arm-none-eabi/4.8.3/../../../../arm-none-eabi/lib/armv7-m\libc_s.a(lib_a-memset.o)
 .debug_frame   0x00001f00       0x20 d:/silabs/developer/toolchains/gnu_arm/4.8_2013q4/bin/../lib/gcc/arm-none-eabi/4.8.3/../../../../arm-none-eabi/lib/armv7-m\libc_s.a(lib_a-strlen.o)
 .debug_frame   0x00001f20       0x20 d:/silabs/developer/toolchains/gnu_arm/4.8_2013q4/bin/../lib/gcc/arm-none-eabi/4.8.3/../../../../arm-none-eabi/lib/armv7-m\libnosys.a(_exit.o)
